// Jest Snapshot v1, https://goo.gl/fbAQLP

exports[`renders correctly when called  1`] = `
<button
  className="sc-AxirZ byZQPF"
  size="small"
/>
`;
