// Jest Snapshot v1, https://goo.gl/fbAQLP

exports[`cards renders correctly when called  1`] = `
<div
  className="sc-AxjAm efxmEY"
  color="blue"
/>
`;
